Expect ';' after expression.
Expect ';' after expression.
Expect ';' after expression.
9.000000
