Expect variable name.
expect expression.
Undefined variable a.
Operands must be number
