Expect ';' after expression.
Expect ';' after expression.
Expect ';' after expression.
Expect '}' after block.
9.000000
